cc1plus: fatal error: hardscan.cpp: No such file or directory
compilation terminated.
